// Jest Snapshot v1, https://goo.gl/fbAQLP

exports[`<TopbarBtn  /> should match snapshot 1`] = `
.c0 {
  width: 60px;
  height: 100%;
  display: -webkit-box;
  display: -webkit-flex;
  display: -ms-flexbox;
  display: flex;
  background: transparent;
  border: none;
  cursor: pointer;
  -webkit-transition: 0.3s;
  transition: 0.3s;
}

.c0:focus {
  outline: none;
}

@media (min-width:768px) {
  .c0 {
    display: -webkit-box;
    display: -webkit-flex;
    display: -ms-flexbox;
    display: flex;
  }
}

@media (max-width:576px) {
  .c0 {
    margin-bottom: 15px;
  }
}

<button
  class="c0"
  type="button"
>
  <div>
    Child compoent
  </div>
</button>
`;
